
mapimage	 = "australia.gif"

messagerate      = 200ms,
propagationdelay = 100ms,
bandwidth        = 56Kbps

host Perth {
    x=80, y=290
    link to Adelaide 
}
host Canberra {
    x=440, y=320
    link to Melbourne 
    link to Sydney 
}
host Melbourne {
    x=420, y=390
    link to Canberra 
    link to Sydney 
    link to Hobart 
}
host Sydney {
    x=510, y=320
    link to Canberra 
    link to Melbourne 
    link to Hobart 
    link to Brisbane 
}
host Hobart {
    x=450, y=460
    link to Melbourne 
    link to Sydney 
}
host Brisbane {
    x=520, y=220
    link to Sydney 
}
host Adelaide {
    x=330, y=310
    link to Melbourne 
    link to Darwin 
}
host Darwin {
    x=280, y=50
    link to Adelaide 
}
host Darwin1 {
    x=281, y=51
    link to Adelaide 
}
host Darwin2 {
    x=282, y=52
    link to Adelaide 
}
host Darwin3 {
    x=283, y=53
    link to Adelaide 
}
host Darwin4 {
    x=284, y=54
    link to Adelaide 
}
host Darwin20 {
    x=284, y=70
    link to Adelaide 
}
host Darwin5 {
    x=285, y=55
    link to Adelaide 
}
host Darwin6 {
    x=286, y=56
    link to Adelaide 
}
host Darwin7 {
    x=287, y=57
    link to Adelaide 
}
host Darwin8 {
    x=288, y=58
    link to Adelaide 
}
host Darwin9 {
    x=289, y=59
    link to Adelaide 
}
host Darwin10 {
    x=290, y=60
    link to Adelaide 
}
host Darwin11 {
    x=280, y=61
    link to Adelaide 
}
host Darwin12 {
    x=280, y=62
    link to Adelaide 
}
host Darwin13 {
    x=280, y=63
    link to Adelaide 
}
host Darwin14 {
    x=280, y=64
    link to Adelaide 
}

